------------------------------------------------------------
TimeQuest Timing Analyzer Summary
------------------------------------------------------------

Type  : Slow 1100mV 85C Model Setup 'clkin'
Slack : -3.523
TNS   : -86.378

Type  : Slow 1100mV 85C Model Setup 'Div50MHz:u1|tmp_clk'
Slack : -1.510
TNS   : -4.268

Type  : Slow 1100mV 85C Model Hold 'clkin'
Slack : -1.352
TNS   : -1.352

Type  : Slow 1100mV 85C Model Hold 'Div50MHz:u1|tmp_clk'
Slack : 0.732
TNS   : 0.000

Type  : Slow 1100mV 85C Model Minimum Pulse Width 'clkin'
Slack : -0.724
TNS   : -28.814

Type  : Slow 1100mV 85C Model Minimum Pulse Width 'Div50MHz:u1|tmp_clk'
Slack : -0.724
TNS   : -3.315

Type  : Slow 1100mV 0C Model Setup 'clkin'
Slack : -3.526
TNS   : -87.022

Type  : Slow 1100mV 0C Model Setup 'Div50MHz:u1|tmp_clk'
Slack : -1.588
TNS   : -4.468

Type  : Slow 1100mV 0C Model Hold 'clkin'
Slack : -1.259
TNS   : -1.259

Type  : Slow 1100mV 0C Model Hold 'Div50MHz:u1|tmp_clk'
Slack : 0.725
TNS   : 0.000

Type  : Slow 1100mV 0C Model Minimum Pulse Width 'clkin'
Slack : -0.724
TNS   : -28.854

Type  : Slow 1100mV 0C Model Minimum Pulse Width 'Div50MHz:u1|tmp_clk'
Slack : -0.724
TNS   : -3.308

Type  : Fast 1100mV 85C Model Setup 'clkin'
Slack : -1.156
TNS   : -25.072

Type  : Fast 1100mV 85C Model Setup 'Div50MHz:u1|tmp_clk'
Slack : -0.265
TNS   : -0.713

Type  : Fast 1100mV 85C Model Hold 'clkin'
Slack : -0.611
TNS   : -0.611

Type  : Fast 1100mV 85C Model Hold 'Div50MHz:u1|tmp_clk'
Slack : 0.272
TNS   : 0.000

Type  : Fast 1100mV 85C Model Minimum Pulse Width 'clkin'
Slack : -0.332
TNS   : -2.582

Type  : Fast 1100mV 85C Model Minimum Pulse Width 'Div50MHz:u1|tmp_clk'
Slack : 0.143
TNS   : 0.000

Type  : Fast 1100mV 0C Model Setup 'clkin'
Slack : -1.109
TNS   : -21.160

Type  : Fast 1100mV 0C Model Setup 'Div50MHz:u1|tmp_clk'
Slack : -0.222
TNS   : -0.593

Type  : Fast 1100mV 0C Model Hold 'clkin'
Slack : -0.639
TNS   : -0.639

Type  : Fast 1100mV 0C Model Hold 'Div50MHz:u1|tmp_clk'
Slack : 0.246
TNS   : 0.000

Type  : Fast 1100mV 0C Model Minimum Pulse Width 'clkin'
Slack : -0.333
TNS   : -2.623

Type  : Fast 1100mV 0C Model Minimum Pulse Width 'Div50MHz:u1|tmp_clk'
Slack : 0.145
TNS   : 0.000

------------------------------------------------------------
